// Jest Snapshot v1, https://goo.gl/fbAQLP

exports[`<App/> renders <App /> component 1`] = `
<Fragment>
  <HelmetWrapper
    defer={true}
    encodeSpecialCharacters={true}
  >
    <title>
      Frontview: Interview for Everyone
    </title>
  </HelmetWrapper>
  <Connect(Header) />
  <main
    id="main"
  >
    <Switch>
      <Route
        component={[Function]}
        exact={true}
        path="/"
      />
      <Route
        component={[Function]}
        path="/login"
      />
      <Route
        component={[Function]}
        path="/signup"
      />
      <Route
        component={[Function]}
        path="/me"
      />
      <Route
        component={[Function]}
        path="/questions"
      />
      <Route
        component={[Function]}
        path="/interview"
      />
      <Route
        component={[Function]}
        path="/comments/:username"
      />
      <Route
        component={[Function]}
        path="/confirmation/:token"
      />
      <Route
        component={[Function]}
        path="/faq"
      />
      <Route
        component={[Function]}
      />
    </Switch>
  </main>
  <Footer />
  <Connect(FlashList) />
  <FaqButton />
</Fragment>
`;
