// Jest Snapshot v1, https://goo.gl/fbAQLP

exports[`<FlashList /> renders <FlashList /> component 1`] = `
<Fragment>
  <Memo(Flash)
    close={[Function]}
    key="1"
    message={
      Object {
        "id": "1",
        "text": "Well Done!",
        "type": "success",
      }
    }
  />
  <Memo(Flash)
    close={[Function]}
    key="2"
    message={
      Object {
        "id": "2",
        "text": "Watch out!",
        "type": "warning",
      }
    }
  />
  <Memo(Flash)
    close={[Function]}
    key="3"
    message={
      Object {
        "id": "3",
        "text": "Be careful!",
        "type": "error",
      }
    }
  />
</Fragment>
`;
