// Jest Snapshot v1, https://goo.gl/fbAQLP

exports[`<Footer/> renders <Footer /> component 1`] = `
<footer
  className="bg-dark py-4 text-white"
>
  <Container
    fluid={false}
  >
    <ForwardRef
      className="text-center text-md-left"
      noGutters={false}
    >
      <Col
        md={true}
      >
        <h4>
          Frontview /
        </h4>
        <small
          className="d-block mb-3"
        >
          © 2017-2019
        </small>
      </Col>
      <Col
        sm={true}
      >
        <h5>
          Resources
        </h5>
        <ul
          className="list-unstyled"
        >
          <li>
            <Link
              className="text-muted"
              to="/interview"
            >
              *Interview (in dev)
            </Link>
          </li>
          <li>
            <Link
              className="text-muted"
              to="/questions"
            >
              Questions
            </Link>
          </li>
          <li>
            <Link
              className="text-muted"
              to="/questions/top"
            >
              Top 10
            </Link>
          </li>
          <li>
            <Link
              className="text-muted"
              to="/questions/internet"
            >
              Internet
            </Link>
          </li>
        </ul>
      </Col>
      <Col
        sm={true}
      >
        <h5>
          Features
        </h5>
        <ul
          className="list-unstyled"
        >
          <li>
            <Link
              className="text-muted"
              to="/about/api"
            >
              <strong>
                API
              </strong>
            </Link>
          </li>
          <li>
            <Link
              className="text-muted"
              to="/about/pricing"
            >
              Pricing
            </Link>
          </li>
          <li>
            <Link
              className="text-muted"
              to="/about/faq"
            >
              Help
            </Link>
          </li>
          <li>
            <Link
              className="text-muted"
              to="/questions/add"
            >
              New Question
            </Link>
          </li>
        </ul>
      </Col>
      <Col
        sm={true}
      >
        <h5>
          About
        </h5>
        <ul
          className="list-unstyled"
        >
          <li>
            <Link
              className="text-muted"
              to="/about"
            >
              Who Am I
            </Link>
          </li>
          <li>
            <Link
              className="text-muted"
              to="/about/faq"
            >
              What For
            </Link>
          </li>
          <li>
            <Link
              className="text-muted"
              to="/about/news"
            >
              Latest News
            </Link>
          </li>
          <li>
            <Link
              className="text-muted"
              to="/about/links"
            >
              Useful links
            </Link>
          </li>
        </ul>
      </Col>
    </ForwardRef>
  </Container>
  <p
    className="text-center"
  >
    <a
      href="mailto:hamanovich@gmail.com"
    >
      hamanovich@gmail.com
    </a>
     
    <br />
    <Badge
      pill={false}
      variant="info"
    >
      v1.0.0
    </Badge>
  </p>
</footer>
`;
