// Jest Snapshot v1, https://goo.gl/fbAQLP

exports[`<Header/> renders component with search Question renders <Header /> component with search value 1`] = `
<Styled(Bootstrap(undefined))
  bg="dark"
  expand="md"
  variant="dark"
>
  <NavbarBrand>
    <Link
      to="/"
    >
      Frontview /
    </Link>
  </NavbarBrand>
  <NavbarToggle
    label="Toggle navigation"
  />
  <NavbarCollapse>
    <ReduxForm
      destroyOnUnmount={true}
      enableReinitialize={false}
      forceUnregisterOnUnmount={false}
      form="SearchForm"
      getFormState={[Function]}
      keepDirtyOnReinitialize={false}
      onSearch={[Function]}
      persistentSubmitErrors={false}
      pure={true}
      shouldAsyncValidate={[Function]}
      shouldError={[Function]}
      shouldValidate={[Function]}
      shouldWarn={[Function]}
      submitAsSideEffect={false}
      touchOnBlur={true}
      touchOnChange={false}
      updateUnregisteredFields={false}
      validate={[Function]}
    />
    <Nav
      className="mr-auto"
      fill={false}
      justify={false}
    >
      <NavbarText>
        or
      </NavbarText>
      <withRouter(LinkContainer)
        to="/questions"
      >
        <NavLink
          as={[Function]}
          disabled={false}
        >
          Check All 
          <FontAwesome
            name="question-circle"
            size="lg"
          />
        </NavLink>
      </withRouter(LinkContainer)>
    </Nav>
    <Nav
      fill={false}
      justify={false}
    >
      <NavDropdown
        id="menu-dropdown"
        title="Menu"
      >
        <withRouter(LinkContainer)
          to="/interview"
        >
          <DropdownItem
            as={[Function]}
            disabled={false}
          >
            <FontAwesome
              name="id-badge"
            />
             Interview (in progress)
          </DropdownItem>
        </withRouter(LinkContainer)>
        <DropdownDivider
          role="separator"
        />
        <withRouter(IndexLinkContainer)
          to="/questions"
        >
          <DropdownItem
            as={[Function]}
            disabled={false}
          >
            Show all questions
          </DropdownItem>
        </withRouter(IndexLinkContainer)>
        <withRouter(LinkContainer)
          to="/questions/top"
        >
          <DropdownItem
            as={[Function]}
            disabled={false}
          >
            <FontAwesome
              name="exclamation"
            />
             Top 10
          </DropdownItem>
        </withRouter(LinkContainer)>
        <withRouter(LinkContainer)
          to="/questions/internet"
        >
          <DropdownItem
            as={[Function]}
            disabled={false}
          >
            <FontAwesome
              name="internet-explorer"
            />
             From Internet
          </DropdownItem>
        </withRouter(LinkContainer)>
        <DropdownDivider
          role="separator"
        />
        <withRouter(LinkContainer)
          to="/questions/level"
        >
          <DropdownItem
            as={[Function]}
            disabled={false}
          >
            <FontAwesome
              name="line-chart"
            />
             By Levels
          </DropdownItem>
        </withRouter(LinkContainer)>
        <withRouter(LinkContainer)
          to="/questions/skill"
        >
          <DropdownItem
            as={[Function]}
            disabled={false}
          >
            <FontAwesome
              name="star-half-o"
            />
             By Skills
          </DropdownItem>
        </withRouter(LinkContainer)>
        <withRouter(LinkContainer)
          to="/questions/practice"
        >
          <DropdownItem
            as={[Function]}
            disabled={false}
          >
            <FontAwesome
              name="keyboard-o"
            />
             By Type
          </DropdownItem>
        </withRouter(LinkContainer)>
        <DropdownDivider
          role="separator"
        />
        <withRouter(LinkContainer)
          to="/questions/add"
        >
          <DropdownItem
            as={[Function]}
            disabled={false}
          >
            <FontAwesome
              name="question-circle-o"
            />
             Add new
          </DropdownItem>
        </withRouter(LinkContainer)>
      </NavDropdown>
      <NavDropdown
        id="account-dropdown"
        title={
          <React.Fragment>
            <ForwardRef(Styled(Bootstrap(Image)))
              roundedCircle={true}
            />
            test
          </React.Fragment>
        }
      >
        <withRouter(IndexLinkContainer)
          to="/me"
        >
          <DropdownItem
            as={[Function]}
            disabled={false}
          >
            <FontAwesome
              name="user"
            />
             Account
          </DropdownItem>
        </withRouter(IndexLinkContainer)>
        <withRouter(LinkContainer)
          to="/me/edit"
        >
          <DropdownItem
            as={[Function]}
            disabled={false}
          >
            <FontAwesome
              name="pencil-square-o"
            />
             Edit profile
          </DropdownItem>
        </withRouter(LinkContainer)>
        <DropdownDivider
          role="separator"
        />
        <DropdownItem
          as={[Function]}
          disabled={false}
          onClick={[MockFunction]}
        >
          <FontAwesome
            name="lock"
          />
           Logout
        </DropdownItem>
      </NavDropdown>
    </Nav>
  </NavbarCollapse>
</Styled(Bootstrap(undefined))>
`;
