// Jest Snapshot v1, https://goo.gl/fbAQLP

exports[`<Header/> renders component with search Question renders <Header /> component with search value 1`] = `
<Styled(Uncontrolled(Navbar))
  inverse={true}
>
  <NavbarHeader>
    <NavbarBrand>
      <Link
        replace={false}
        to="/"
      >
        Frontview /
      </Link>
    </NavbarBrand>
    <NavbarToggle />
  </NavbarHeader>
  <NavbarCollapse>
    <ReduxForm
      addFlashMessage={[MockFunction]}
      getSearchedQuestions={[MockFunction]}
      onSearch={[Function]}
    />
    <Nav
      bsClass="nav"
      justified={false}
      pullLeft={false}
      pullRight={true}
      stacked={false}
    >
      <NavDropdown
        id="menu-dropdown"
        title="Menu"
      >
        <LinkContainer
          activeClassName="active"
          exact={false}
          replace={false}
          strict={false}
          to="/interview"
        >
          <MenuItem
            bsClass="dropdown"
            disabled={false}
            divider={false}
            header={false}
          >
            <FontAwesome
              name="id-badge"
            />
             Interview (in progress)
          </MenuItem>
        </LinkContainer>
        <MenuItem
          bsClass="dropdown"
          disabled={false}
          divider={true}
          header={false}
        />
        <IndexLinkContainer
          to="/questions"
        >
          <MenuItem
            bsClass="dropdown"
            disabled={false}
            divider={false}
            header={false}
          >
            Show all questions
          </MenuItem>
        </IndexLinkContainer>
        <LinkContainer
          activeClassName="active"
          exact={false}
          replace={false}
          strict={false}
          to="/questions/top"
        >
          <MenuItem
            bsClass="dropdown"
            disabled={false}
            divider={false}
            header={false}
          >
            <FontAwesome
              name="exclamation"
            />
             Top 10
          </MenuItem>
        </LinkContainer>
        <LinkContainer
          activeClassName="active"
          exact={false}
          replace={false}
          strict={false}
          to="/questions/internet"
        >
          <MenuItem
            bsClass="dropdown"
            disabled={false}
            divider={false}
            header={false}
          >
            <FontAwesome
              name="internet-explorer"
            />
             From Internet
          </MenuItem>
        </LinkContainer>
        <MenuItem
          bsClass="dropdown"
          disabled={false}
          divider={true}
          header={false}
        />
        <LinkContainer
          activeClassName="active"
          exact={false}
          replace={false}
          strict={false}
          to="/questions/level"
        >
          <MenuItem
            bsClass="dropdown"
            disabled={false}
            divider={false}
            header={false}
          >
            <FontAwesome
              name="line-chart"
            />
             By Levels
          </MenuItem>
        </LinkContainer>
        <LinkContainer
          activeClassName="active"
          exact={false}
          replace={false}
          strict={false}
          to="/questions/skill"
        >
          <MenuItem
            bsClass="dropdown"
            disabled={false}
            divider={false}
            header={false}
          >
            <FontAwesome
              name="star-half-o"
            />
             By Skills
          </MenuItem>
        </LinkContainer>
        <LinkContainer
          activeClassName="active"
          exact={false}
          replace={false}
          strict={false}
          to="/questions/practice"
        >
          <MenuItem
            bsClass="dropdown"
            disabled={false}
            divider={false}
            header={false}
          >
            <FontAwesome
              name="keyboard-o"
            />
             By Type
          </MenuItem>
        </LinkContainer>
        <MenuItem
          bsClass="dropdown"
          disabled={false}
          divider={true}
          header={false}
        />
        <LinkContainer
          activeClassName="active"
          exact={false}
          replace={false}
          strict={false}
          to="/questions/add"
        >
          <MenuItem
            bsClass="dropdown"
            disabled={false}
            divider={false}
            header={false}
          >
            <FontAwesome
              name="question-circle-o"
            />
             Add new
          </MenuItem>
        </LinkContainer>
      </NavDropdown>
      <NavDropdown
        id="account-dropdown"
        title={
          <span>
            <ForwardRef
              circle={true}
            />
            test
          </span>
        }
      >
        <IndexLinkContainer
          to="/me"
        >
          <MenuItem
            bsClass="dropdown"
            disabled={false}
            divider={false}
            header={false}
          >
            <FontAwesome
              name="user"
            />
             Account
          </MenuItem>
        </IndexLinkContainer>
        <LinkContainer
          activeClassName="active"
          exact={false}
          replace={false}
          strict={false}
          to="/me/edit"
        >
          <MenuItem
            bsClass="dropdown"
            disabled={false}
            divider={false}
            header={false}
          >
            <FontAwesome
              name="pencil-square-o"
            />
             Edit profile
          </MenuItem>
        </LinkContainer>
        <MenuItem
          bsClass="dropdown"
          disabled={false}
          divider={true}
          header={false}
        />
        <MenuItem
          bsClass="dropdown"
          disabled={false}
          divider={false}
          header={false}
          onClick={[MockFunction]}
        >
          <FontAwesome
            name="lock"
          />
           Logout
        </MenuItem>
      </NavDropdown>
    </Nav>
  </NavbarCollapse>
</Styled(Uncontrolled(Navbar))>
`;
