// Jest Snapshot v1, https://goo.gl/fbAQLP

exports[`<HomePage/> renders <HomePage /> component 1`] = `
<Fragment>
  <ForwardRef(Bootstrap(Jumbotron))>
    <ForwardRef(Bootstrap(Container))>
      <h1
        className="display-3"
      >
        Welcome, friend!
      </h1>
      <p
        className="lead"
      >
        The goal of this project is to provide a convenient way to prepare and conduct technical interview in Frontend discipline.
      </p>
      <p
        className="lead"
      >
        You also able to add new questions, comment existing and review them. Check it on
         
        <Link
          replace={false}
          to="/about/pricing"
        >
          features
        </Link>
         page.
      </p>
      <p>
        <em>
          *This is only beginning
        </em>
      </p>
      <p>
        <Link
          replace={false}
          to="/about/faq"
        >
          <ForwardRef(Bootstrap(Button))
            size="lg"
            variant="primary"
          >
            Learn More 
            <FontAwesome
              name="angle-double-right"
            />
          </ForwardRef(Bootstrap(Button))>
        </Link>
      </p>
    </ForwardRef(Bootstrap(Container))>
  </ForwardRef(Bootstrap(Jumbotron))>
  <ForwardRef(Bootstrap(Container))
    className="py-5"
  >
    <ForwardRef(Bootstrap(Row))>
      <ForwardRef(Bootstrap(Col))
        md={4}
      >
        <h2>
          Be Prepared 
          <FontAwesome
            name="line-chart"
          />
        </h2>
        <p>
          You have upcoming technical interview in frontend discipline? You are looking for the space where to restore your knowledge? Want to code practice or deep dive into theory? Woala! Welcome, friend.
        </p>
        <p>
          <Link
            replace={false}
            to="/about/faq"
          >
            <ForwardRef(Bootstrap(Button))
              variant="outline-success"
            >
              Learn More 
              <FontAwesome
                name="angle-double-right"
              />
            </ForwardRef(Bootstrap(Button))>
          </Link>
        </p>
      </ForwardRef(Bootstrap(Col))>
      <ForwardRef(Bootstrap(Col))
        md={4}
      >
        <h2>
          Be Involved 
          <FontAwesome
            name="flash"
          />
        </h2>
        <p>
          Want to share tricky question? Do you have a puzzle for front-end guys? Do you have zillion interviews and have something to share? Welcome, friend.
        </p>
        <p>
          <Link
            replace={false}
            to="/about/faq"
          >
            <ForwardRef(Bootstrap(Button))
              variant="outline-primary"
            >
              Learn More 
              <FontAwesome
                name="angle-double-right"
              />
            </ForwardRef(Bootstrap(Button))>
          </Link>
        </p>
      </ForwardRef(Bootstrap(Col))>
      <ForwardRef(Bootstrap(Col))
        md={4}
      >
        <h2>
          Frontend Hero 
          <FontAwesome
            name="rocket"
          />
        </h2>
        <p>
          Glad to see you! Welcome on board, contact me directly
           
          <a
            href="mailto:hamanovich@gmail.com"
          >
            hamanovich@gmail.com
          </a>
           and we will find an opportunity for you as well.
        </p>
        <p>
          <Link
            replace={false}
            to="/about/faq"
          >
            <ForwardRef(Bootstrap(Button))
              variant="outline-danger"
            >
              Learn More 
              <FontAwesome
                name="angle-double-right"
              />
            </ForwardRef(Bootstrap(Button))>
          </Link>
        </p>
      </ForwardRef(Bootstrap(Col))>
    </ForwardRef(Bootstrap(Row))>
  </ForwardRef(Bootstrap(Container))>
</Fragment>
`;
