// Jest Snapshot v1, https://goo.gl/fbAQLP

exports[`<LoginPage/> renders <LoginPage /> component 1`] = `
<Container
  fluid={false}
>
  <HelmetWrapper
    defer={true}
    encodeSpecialCharacters={true}
  >
    <title>
      Frontview: Please, login
    </title>
  </HelmetWrapper>
  <ForwardRef
    noGutters={false}
  >
    <Col
      md={
        Object {
          "offset": 2,
          "span": 8,
        }
      }
      xl={
        Object {
          "offset": 3,
          "span": 6,
        }
      }
    >
      <Switch>
        <PropsRoute
          component={
            Object {
              "$$typeof": Symbol(react.forward_ref),
              "defaultProps": Object {
                "destroyOnUnmount": true,
                "enableReinitialize": false,
                "forceUnregisterOnUnmount": false,
                "form": "Login",
                "getFormState": [Function],
                "keepDirtyOnReinitialize": false,
                "persistentSubmitErrors": false,
                "pure": true,
                "shouldAsyncValidate": [Function],
                "shouldError": [Function],
                "shouldValidate": [Function],
                "shouldWarn": [Function],
                "submitAsSideEffect": false,
                "touchOnBlur": true,
                "touchOnChange": false,
                "updateUnregisteredFields": false,
                "validate": [Function],
              },
              "displayName": "ReduxForm",
              "render": [Function],
            }
          }
          exact={true}
          getUser={[MockFunction]}
          login={[MockFunction]}
          path="/login"
        />
        <PropsRoute
          component={
            Object {
              "$$typeof": Symbol(react.forward_ref),
              "defaultProps": Object {
                "destroyOnUnmount": true,
                "enableReinitialize": false,
                "forceUnregisterOnUnmount": false,
                "form": "Forgot",
                "getFormState": [Function],
                "keepDirtyOnReinitialize": false,
                "persistentSubmitErrors": false,
                "pure": true,
                "shouldAsyncValidate": [Function],
                "shouldError": [Function],
                "shouldValidate": [Function],
                "shouldWarn": [Function],
                "submitAsSideEffect": false,
                "touchOnBlur": true,
                "touchOnChange": false,
                "updateUnregisteredFields": false,
                "validate": [Function],
              },
              "displayName": "ReduxForm",
              "render": [Function],
            }
          }
          exact={true}
          forgot={[MockFunction]}
          path="/login/forgot"
        />
        <PropsRoute
          addFlashMessage={[MockFunction]}
          component={
            Object {
              "$$typeof": Symbol(react.forward_ref),
              "defaultProps": Object {
                "destroyOnUnmount": true,
                "enableReinitialize": false,
                "forceUnregisterOnUnmount": false,
                "form": "Reset",
                "getFormState": [Function],
                "keepDirtyOnReinitialize": false,
                "persistentSubmitErrors": false,
                "pure": true,
                "shouldAsyncValidate": [Function],
                "shouldError": [Function],
                "shouldValidate": [Function],
                "shouldWarn": [Function],
                "submitAsSideEffect": false,
                "touchOnBlur": true,
                "touchOnChange": false,
                "updateUnregisteredFields": false,
                "validate": [Function],
              },
              "displayName": "ReduxForm",
              "render": [Function],
            }
          }
          getReset={[MockFunction]}
          path="/login/reset/:token"
          resetToken={[MockFunction]}
        />
        <Redirect
          to="/login"
        />
      </Switch>
    </Col>
  </ForwardRef>
</Container>
`;
