// Jest Snapshot v1, https://goo.gl/fbAQLP

exports[`<NotFound/> renders <NotFound /> component 1`] = `
<ForwardRef(Bootstrap(Jumbotron))
  className="text-center"
>
  <h1>
    <FontAwesome
      name="exclamation-triangle"
    />
    <br />
    <span
      className="text-danger"
    >
      404: not Found
    </span>
  </h1>
</ForwardRef(Bootstrap(Jumbotron))>
`;
