// Jest Snapshot v1, https://goo.gl/fbAQLP

exports[`<NotFound/> renders <NotFound /> component 1`] = `
<Bootstrap(Jumbotron)
  className="text-center text-danger"
>
  <h1
    className="display-3"
  >
    <FontAwesome
      name="exclamation-triangle"
    />
    <br />
    404: not Found
  </h1>
  <Link
    to="/"
  >
    <Button
      active={false}
      disabled={false}
      size="lg"
      type="button"
      variant="success"
    >
      Return to home page
    </Button>
  </Link>
</Bootstrap(Jumbotron)>
`;
