// Jest Snapshot v1, https://goo.gl/fbAQLP

exports[`<SearchForm/> renders <SearchForm /> component 1`] = `
<Styled(Component)
  className="mr-2"
  inline={true}
  noValidate={true}
>
  <Field
    className="mr-sm-2"
    component={[Function]}
    errorsVisible={false}
    feedback={false}
    htmlFor="search"
    name="search"
    placeholder="Search question"
    type="search"
  />
   
  <ForwardRef(Bootstrap(Button))
    type="submit"
  >
    <FontAwesome
      name="search"
    />
  </ForwardRef(Bootstrap(Button))>
</Styled(Component)>
`;
