// Jest Snapshot v1, https://goo.gl/fbAQLP

exports[`<SearchForm/> renders <SearchForm /> component 1`] = `
<Styled(Form)
  as="form"
  className="mr-2 form-inline"
  inline={false}
  noValidate={true}
>
  <Field
    className="mr-sm-2"
    component={[Function]}
    errorsVisible={false}
    feedback={false}
    htmlFor="search"
    name="search"
    placeholder="Search question"
    type="search"
  />
   
  <Button
    active={false}
    disabled={false}
    type="submit"
    variant="primary"
  >
    <FontAwesome
      name="search"
    />
  </Button>
</Styled(Form)>
`;
