// Jest Snapshot v1, https://goo.gl/fbAQLP

exports[`<SignupPage/> renders <SignupPage /> component 1`] = `
<ForwardRef(Bootstrap(Container))>
  <ForwardRef(Bootstrap(Row))>
    <HelmetWrapper
      defer={true}
      encodeSpecialCharacters={true}
    >
      <title>
        Frontview: Register. Welcome
      </title>
    </HelmetWrapper>
    <ForwardRef(Bootstrap(Col))
      md={
        Object {
          "offset": 2,
          "span": 8,
        }
      }
      xl={
        Object {
          "offset": 3,
          "span": 6,
        }
      }
    >
      <h1>
        <FontAwesome
          name="user-plus"
        />
         Register. Welcome
      </h1>
      <ReduxForm
        addFlashMessage={[MockFunction]}
        isUserExists={[MockFunction]}
        signup={[MockFunction]}
      />
    </ForwardRef(Bootstrap(Col))>
  </ForwardRef(Bootstrap(Row))>
</ForwardRef(Bootstrap(Container))>
`;
