// Jest Snapshot v1, https://goo.gl/fbAQLP

exports[`<SignupForm/> renders <SignupForm /> component 1`] = `
<ForwardRef(Bootstrap(Form))
  noValidate={true}
  onSubmit={[Function]}
>
  <Field
    component={[Function]}
    errorState=""
    label="Username*:"
    name="username"
    onBlur={[Function]}
    placeholder="Type your nickname"
    type="text"
  />
  <Field
    component={[Function]}
    errorState=""
    label="Email*:"
    name="email"
    onBlur={[Function]}
    placeholder="Type your email"
    type="email"
  />
  <Field
    component={[Function]}
    label="Password*:"
    name="password"
    placeholder="Come up with a password"
    type="password"
  />
  <Field
    component={[Function]}
    label="Confirm your Password*:"
    name="passwordConfirmation"
    placeholder="Repeat your password"
    type="password"
  />
  <ForwardRef(Bootstrap(Button))
    disabled={false}
    size="lg"
    type="submit"
    variant="primary"
  >
    Register 
    <FontAwesome
      name="users"
    />
  </ForwardRef(Bootstrap(Button))>
</ForwardRef(Bootstrap(Form))>
`;
