// Jest Snapshot v1, https://goo.gl/fbAQLP

exports[`<Toolbar/> renders <Toolbar /> component 1`] = `
<ButtonToolbar
  role="toolbar"
>
  <ButtonGroup
    role="group"
    size="sm"
    toggle={false}
    vertical={false}
  >
    <Button
      active={false}
      disabled={false}
      type="button"
      variant="success"
    >
      <FontAwesome
        name="thumbs-up"
      />
       
      1
    </Button>
    <Button
      active={false}
      disabled={false}
      type="button"
      variant="danger"
    >
      <FontAwesome
        name="thumbs-down"
      />
       
      0
    </Button>
  </ButtonGroup>
  <ButtonGroup
    role="group"
    size="sm"
    toggle={false}
    vertical={false}
  >
    <DropdownButton
      id="qlist"
      size="sm"
      title={
        <FontAwesome
          name="star"
        />
      }
      variant="info"
    >
      <DropdownItem
        as={[Function]}
        disabled={false}
        eventKey={0}
        key="5bd6e86025ccd523e4595ad4"
      >
        Js core
      </DropdownItem>
      <DropdownDivider
        role="separator"
      />
      <LinkContainer
        activeClassName="active"
        exact={false}
        replace={false}
        strict={false}
        to="/me/qlist/create"
      >
        <DropdownItem
          as={[Function]}
          disabled={false}
        >
          Create a new QList
        </DropdownItem>
      </LinkContainer>
    </DropdownButton>
  </ButtonGroup>
</ButtonToolbar>
`;
