// Jest Snapshot v1, https://goo.gl/fbAQLP

exports[`<Toolbar/> renders <Toolbar /> component 1`] = `
<ForwardRef(Bootstrap(ButtonToolbar))>
  <ForwardRef(Bootstrap(ButtonGroup))
    size="sm"
  >
    <ForwardRef(Bootstrap(Button))
      active={false}
      variant="success"
    >
      <FontAwesome
        name="thumbs-up"
      />
       
      1
    </ForwardRef(Bootstrap(Button))>
    <ForwardRef(Bootstrap(Button))
      active={false}
      variant="danger"
    >
      <FontAwesome
        name="thumbs-down"
      />
       
      0
    </ForwardRef(Bootstrap(Button))>
  </ForwardRef(Bootstrap(ButtonGroup))>
  <ForwardRef(Bootstrap(ButtonGroup))
    size="sm"
  >
    <DropdownButton
      id="qlist"
      size="sm"
      title="Add to QList"
      variant="info"
    >
      <ForwardRef(ContextTransform)
        eventKey={0}
        key="5bd6e86025ccd523e4595ad4"
      >
        Js core
      </ForwardRef(ContextTransform)>
      <ForwardRef(Bootstrap(DropdownDivider)) />
      <LinkContainer
        activeClassName="active"
        exact={false}
        replace={false}
        strict={false}
        to="/me/qlist/create"
      >
        <ForwardRef(ContextTransform)>
          Create a new QList
        </ForwardRef(ContextTransform)>
      </LinkContainer>
    </DropdownButton>
  </ForwardRef(Bootstrap(ButtonGroup))>
</ForwardRef(Bootstrap(ButtonToolbar))>
`;
